{
    "notification_system_success": {
        "content": [
            [
                "Pipeline is starting! \ud83d\ude80",
                "Pipeline complete! \ud83d\udc4b"
            ],
            0,
            true
        ],
        "meta": {
            "nf-test": "0.9.2",
            "nextflow": "25.04.6"
        },
        "timestamp": "2025-08-22T14:01:44.640419"
    },
    "notification_testing_complete": {
        "content": [
            true,
            0
        ],
        "meta": {
            "nf-test": "0.9.2",
            "nextflow": "25.04.6"
        },
        "timestamp": "2025-08-22T13:52:36.215781"
    },
    "notification_validation_success": {
        "content": [
            true,
            0
        ],
        "meta": {
            "nf-test": "0.9.2",
            "nextflow": "25.04.6"
        },
        "timestamp": "2025-08-22T13:52:38.444984"
    }
}