{
    "Version utilities": {
        "content": [
            0,
            true
        ],
        "meta": {
            "nf-test": "0.9.2",
            "nextflow": "25.04.6"
        },
        "timestamp": "2025-09-01T19:00:15.175128484"
    }
}